
================================================================================
  ЗАПУСК ВСЕХ ТЕСТОВ BEAUTY CRM
================================================================================
Дата: 2025-11-22 12:40:54

📄 Запуск: tests/test_all.py
   База данных + Новые функции + SmartAssistant + API модули
--------------------------------------------------------------------------------

================================================================================
  ТЕСТИРОВАНИЕ CRM СИСТЕМЫ
================================================================================
Дата: 2025-11-22 12:40:54
Python: 3.14.0 (main, Oct  7 2025, 09:34:52) [Clang 17.0.0 (clang-1700.3.19.1)]

--------------------------------------------------------------------------------
  ТЕСТ 1: Проверка базы данных
--------------------------------------------------------------------------------
======================================================================
🔍 ОПРЕДЕЛЕНИЕ ОКРУЖЕНИЯ
======================================================================
Системная переменная ENVIRONMENT: не установлена
🔍 Hostname: MacBook-Air-Tahir.local
🔍 IP: 127.0.0.1
🔍 Is localhost: True
✅ Автоопределение: LOCALHOST → development
======================================================================
⚠️ Файл .env.local не найден, используем системные переменные
⚠️ Не установлены переменные окружения: PAGE_ACCESS_TOKEN, GEMINI_API_KEY
✅ Config загружен успешно!
   Database: /Users/tahir/Desktop/beauty-crm/backend/salon_bot.db
   ℹ️  Для настроек салона используйте: from database import get_salon_settings
   ✅ База данных найдена: /Users/tahir/Desktop/beauty-crm/backend/salon_bot.db

   Всего таблиц в БД: 60
   Проверка обязательных таблиц:
   ✅ clients
   ✅ bookings
   ✅ employees
   ✅ positions
   ✅ services
   ✅ conversations
   ✅ master_schedule
   ✅ master_time_off
   ✅ loyalty_levels
   ✅ client_loyalty_points

   ✅ Все обязательные таблицы присутствуют

--------------------------------------------------------------------------------
  ТЕСТ 2: Новые функции CRM
--------------------------------------------------------------------------------

   [2.1] Dashboard с KPI...
   ✅ Dashboard работает
       - Доход: 0.0 AED
       - Записи: 1

   [2.2] Расписание мастеров...
2025-11-22 12:40:54 - crm - ERROR - [schedule] Employee not found: Тест Мастер
   ❌ Не удалось установить рабочие часы

   [2.3] Программа лояльности...
   ✅ Программа лояльности работает
       - Уровней: 4

   [2.4] Автозаполнение окон...
   ✅ Автозаполнение работает

   Результаты: 3/4 успешно

--------------------------------------------------------------------------------
  ТЕСТ 3: SmartAssistant (AI)
--------------------------------------------------------------------------------
   ✅ SmartAssistant инициализирован (client_id=test_user_123)
   ⚠️  Рекомендации пусты (может быть нормально для нового клиента)

   🧹 Очистка тестовых данных...
   ✅ Тестовые данные удалены (клиент: test_user_123)

--------------------------------------------------------------------------------
  ТЕСТ 4: Проверка API модулей
--------------------------------------------------------------------------------
2025-11-22 12:40:54 - crm - WARNING - [export] ReportLab не установлен. Экспорт в PDF недоступен.
   ✅ Dashboard API
   ✅ Schedule API
   ✅ Loyalty API
   ✅ AutoBooking API
   ✅ Bookings API
   ✅ Clients API

   Результаты: 6/6 модулей загружены

================================================================================
  ИТОГИ ТЕСТИРОВАНИЯ
================================================================================
  1. База данных: ✅ ПРОЙДЕН
  2. Новые функции: ❌ ПРОВАЛЕН
  3. SmartAssistant: ✅ ПРОЙДЕН
  4. API модули: ✅ ПРОЙДЕН

  Всего тестов: 4
  Пройдено: 3
  Провалено: 1

  ⚠️  Некоторые тесты провалены
  ℹ️  Проверьте логи выше для деталей
================================================================================


📄 Запуск: tests/test_detailed.py
   Детальное тестирование БД, клиентов, записей, сотрудников
--------------------------------------------------------------------------------

====================================================================================================
  🔍 ДЕТАЛЬНОЕ ТЕСТИРОВАНИЕ CRM СИСТЕМЫ
====================================================================================================
Дата: 2025-11-22 12:40:55
Python: 3.14.0 (main, Oct  7 2025, 09:34:52) [Clang 17.0.0 (clang-1700.3.19.1)]

====================================================================================================
  ТЕСТ 1: ДЕТАЛЬНАЯ ПРОВЕРКА БАЗЫ ДАННЫХ
====================================================================================================

[Шаг 1/10] Проверка существования файла БД
   ✅ База данных найдена: /Users/tahir/Desktop/beauty-crm/backend/salon_bot.db
   ℹ️  Размер файла: 568.00 KB

[Шаг 2/10] Попытка подключения к БД
   ✅ Подключение установлено

[Шаг 3/10] Получение списка всех таблиц
   ✅ Найдено таблиц: 60
   📊 Список таблиц:
      [
      "activity_log",
      "available_slots",
      "birthday_notifications",
      "booking_reminder_settings",
      "booking_reminders_sent",
      "booking_statuses",
      "booking_temp",
      "booking_waitlist",
      "bookings",
      "bot_settings",
      "broadcast_history",
      "chat_history",
      "client_interaction_patterns",
      "client_interactions",
      "client_interests",
      "client_loyalty_points",
      "client_notes",
      "client_notifications",
      "client_preferences",
      "client_statuses",
      "clients",
      "conversation_context",
      "conversations",
      "custom_roles",
      "custom_statuses",
      "director_approval_votes",
      "director_approvals",
      "employee_salary_settings",
      "employee_schedule",
      "employee_services",
      "employee_time_off",
      "employee_unavailability",
      "employees",
      "internal_chat",
      "loyalty_levels",
      "loyalty_transactions",
      "master_schedule",
      "master_time_off",
      "message_reactions",
      "message_templates",
      "messenger_messages",
      "messenger_settings",
      "notification_settings",
      "password_reset_tokens",
      "positions",
      "role_permissions",
      "salary_adjustments",
      "salary_calculations",
      "salon_news",
      "salon_settings",
      "scheduled_messages",
      "service_courses",
      "service_positions",
      "services",
      "sessions",
      "special_packages",
      "sqlite_sequence",
      "user_permissions",
      "user_subscriptions",
      "users"
]

[Шаг 4/10] Проверка обязательных таблиц
   ✅ clients (Клиенты)
   ✅ bookings (Записи)
   ✅ employees (Сотрудники)
   ✅ positions (Должности)
   ✅ services (Услуги)
   ✅ conversations (Диалоги)
   ✅ master_schedule (Расписание мастеров)
   ✅ master_time_off (Выходные мастеров)
   ✅ loyalty_levels (Уровни лояльности)
   ✅ client_loyalty_points (Баллы клиентов)

[Шаг 5/10] Проверка структуры ключевых таблиц
   ✅ employees.position_id - INTEGER
   ✅ services.position_id - INTEGER
   ✅ master_schedule.start_time - nullable ✓

[Шаг 6/10] Подсчет записей в таблицах
   ℹ️  clients: 9 записей
   ℹ️  bookings: 4 записей
   ℹ️  employees: 6 записей
   ℹ️  positions: 18 записей
   ℹ️  services: 77 записей
   ⚠️  conversations: пусто (0 записей)
   ⚠️  master_schedule: пусто (0 записей)
   ⚠️  master_time_off: пусто (0 записей)
   ℹ️  loyalty_levels: 4 записей
   ℹ️  client_loyalty_points: 1 записей

[Шаг 7/10] Проверка индексов
   ✅ Найдено индексов: 57
   ℹ️  sqlite_autoindex_clients_1 (таблица: clients)
   ℹ️  sqlite_autoindex_booking_temp_1 (таблица: booking_temp)
   ℹ️  sqlite_autoindex_users_1 (таблица: users)
   ℹ️  sqlite_autoindex_sessions_1 (таблица: sessions)
   ℹ️  sqlite_autoindex_custom_statuses_1 (таблица: custom_statuses)
   ℹ️  sqlite_autoindex_services_1 (таблица: services)
   ℹ️  sqlite_autoindex_special_packages_1 (таблица: special_packages)
   ℹ️  sqlite_autoindex_custom_roles_1 (таблица: custom_roles)
   ℹ️  sqlite_autoindex_role_permissions_1 (таблица: role_permissions)
   ℹ️  sqlite_autoindex_positions_1 (таблица: positions)

[Шаг 8/10] Проверка включения foreign keys
   ⚠️  Foreign keys: ВЫКЛЮЧЕНЫ

[Шаг 9/10] Проверка целостности БД
   ✅ Целостность БД: OK

[Шаг 10/10] Проверка версии SQLite
   ✅ SQLite версия: 3.50.4

====================================================================================================
   ✅ ТЕСТ 1: ПРОЙДЕН

====================================================================================================
  ТЕСТ 2: ДЕТАЛЬНАЯ ПРОВЕРКА ANALYTICS (DASHBOARD)
====================================================================================================

[Шаг 1/7] Инициализация AnalyticsService
   ✅ AnalyticsService создан

[Шаг 2/7] Получение KPI за текущий месяц
   ✅ KPI получены

[Шаг 3/7] Проверка структуры ответа KPI
   ✅ Ключ 'period' присутствует
   ✅ Ключ 'revenue' присутствует
   ✅ Ключ 'bookings' присутствует
   ✅ Ключ 'clients' присутствует
   ✅ Ключ 'masters' присутствует
   ✅ Ключ 'services' присутствует

[Шаг 4/7] Проверка метрик Revenue
   ✅ revenue.total = 0.0
   ✅ revenue.daily = [{'date': '2025-10-23', 'revenue': 0.0}]
   ✅ revenue.average_check = 0
   ✅ revenue.forecast = 0.0

[Шаг 5/7] Проверка метрик Bookings
   ✅ bookings.total = 1
   ✅ bookings.completed = 1
   ✅ bookings.cancelled = 0
   ⚠️  bookings.pending - отсутствует (возможно опционально)
   ✅ bookings.completion_rate = 100.0
   ✅ bookings.cancellation_rate = 0.0

[Шаг 6/7] Проверка метрик Clients
   ✅ clients.new = 0
   ✅ clients.returning = 1
   ✅ clients.retention = 100.0
   ✅ clients.ltv = 0.0

[Шаг 7/7] Полный вывод KPI данных
   📊 Period:
      {
      "type": "month",
      "start": "2025-10-23 00:00:00",
      "end": "2025-11-22 23:59:59"
}
   📊 Revenue:
      {
      "total": 0.0,
      "daily": [
            {
                  "date": "2025-10-23",
                  "revenue": 0.0
            }
      ],
      "average_check": 0,
      "forecast": 0.0
}
   📊 Bookings:
      {
      "total": 1,
      "completed": 1,
      "cancelled": 0,
      "no_show": 0,
      "cancellation_rate": 0.0,
      "no_show_rate": 0.0,
      "completion_rate": 100.0
}
   📊 Clients:
      {
      "new": 0,
      "returning": 1,
      "total_active": 1,
      "retention": 100.0,
      "ltv": 0.0
}
   📊 Top 5 Masters:
      [
      {
            "name": "Diana",
            "bookings": 1,
            "revenue": 0.0
      }
]
   📊 Top 5 Services:
      [
      {
            "name": "Manicure",
            "bookings": 1,
            "revenue": 0.0
      }
]

====================================================================================================
   ✅ ТЕСТ 2: ПРОЙДЕН

====================================================================================================
  ТЕСТ 3: ДЕТАЛЬНАЯ ПРОВЕРКА РАСПИСАНИЯ МАСТЕРОВ
====================================================================================================

[Шаг 1/9] Инициализация MasterScheduleService
   ✅ MasterScheduleService создан

[Шаг 2/9] Установка рабочих часов (ПН-ПТ: 09:00-18:00)
2025-11-22 12:40:55 - crm - ERROR - [schedule] Employee not found: Тест Мастер Детальный
   ❌ День 0: не удалось установить
2025-11-22 12:40:55 - crm - ERROR - [schedule] Employee not found: Тест Мастер Детальный
   ❌ День 1: не удалось установить
2025-11-22 12:40:55 - crm - ERROR - [schedule] Employee not found: Тест Мастер Детальный
   ❌ День 2: не удалось установить
2025-11-22 12:40:55 - crm - ERROR - [schedule] Employee not found: Тест Мастер Детальный
   ❌ День 3: не удалось установить
2025-11-22 12:40:55 - crm - ERROR - [schedule] Employee not found: Тест Мастер Детальный
   ❌ День 4: не удалось установить

[Шаг 3/9] Установка сокращенного дня (СБ: 10:00-14:00)
2025-11-22 12:40:55 - crm - ERROR - [schedule] Employee not found: Тест Мастер Детальный
   ❌ Не удалось установить субботу

[Шаг 4/9] Установка выходного дня (ВС: NULL)
2025-11-22 12:40:55 - crm - ERROR - [schedule] Employee not found: Тест Мастер Детальный
   ❌ Не удалось установить выходной
   ℹ️  Возможно нужна миграция: migration_fix_master_schedule_nullable.py

[Шаг 5/9] Получение установленных рабочих часов
   ✅ Получено расписание для 'Тест Мастер Детальный':

[Шаг 6/9] Добавление отпуска
   ❌ Не удалось добавить отпуск

[Шаг 7/9] Получение доступных слотов на сегодня
   ✅ Доступно слотов: 0
   ⚠️  Слотов нет (возможно сегодня выходной или все заняты)

[Шаг 8/9] Проверка доступности в конкретное время
   ⚠️  Тест Мастер Детальный НЕ доступен сегодня в 14:00

[Шаг 9/9] Получение доступности всех мастеров
   ✅ Получена доступность для 6 мастеров
   ℹ️  Simo: 11 слотов
   ℹ️  Mestan: 11 слотов
   ℹ️  Lyazzat: 11 слотов

====================================================================================================
   ✅ ТЕСТ 3: ПРОЙДЕН (с возможными предупреждениями)

   🧹 Очистка тестовых данных мастера 'Тест Мастер Детальный'...
   ✅ Тестовые данные удалены (расписание: 0, отпуска: 0)

====================================================================================================
  ИТОГИ ДЕТАЛЬНОГО ТЕСТИРОВАНИЯ
====================================================================================================
  1. База данных: ✅ ПРОЙДЕН
  2. Analytics (Dashboard): ✅ ПРОЙДЕН
  3. Master Schedule: ✅ ПРОЙДЕН

  Всего тестов: 3
  Пройдено: 3
  Провалено: 0

  🎉 ВСЕ ДЕТАЛЬНЫЕ ТЕСТЫ ПРОЙДЕНЫ!
====================================================================================================


📄 Запуск: tests/test_new_features.py
   Тестирование новых фич системы
--------------------------------------------------------------------------------

================================================================================
  ТЕСТИРОВАНИЕ НОВЫХ ФУНКЦИЙ CRM
================================================================================
  Дата: 2025-11-22 12:40:55
================================================================================

================================================================================
  ТЕСТ 1: Dashboard с KPI и аналитикой
================================================================================

--- KPI за текущий месяц ---
✅ Доход:
   - Общий: 0.0 AED
   - Средний чек: 0 AED
   - Прогноз: 0.0 AED

✅ Записи:
   - Всего: 1
   - Завершено: 1
   - Отменено: 0
   - Коэффициент завершения: 100.0%

✅ Клиенты:
   - Новые: 0
   - Вернувшиеся: 1
   - Удержание: 100.0%
   - LTV: 0.0 AED

✅ Топ-5 мастеров:
   1. Diana - 0.0 AED (1 записей)

✅ Топ-5 услуг:
   1. Manicure - 0.0 AED (1x)

--- Сравнение с предыдущим периодом ---
   Изменение дохода: +0.0%
   Изменение записей: -50.0%

================================================================================
  ТЕСТ 2: Расписание мастеров
================================================================================

--- Установка рабочих часов ---
2025-11-22 12:40:55 - crm - ERROR - [schedule] Employee not found: Анна
2025-11-22 12:40:55 - crm - ERROR - [schedule] Employee not found: Анна
2025-11-22 12:40:55 - crm - ERROR - [schedule] Employee not found: Анна
2025-11-22 12:40:55 - crm - ERROR - [schedule] Employee not found: Анна
2025-11-22 12:40:55 - crm - ERROR - [schedule] Employee not found: Анна
2025-11-22 12:40:55 - crm - ERROR - [schedule] Employee not found: Анна
2025-11-22 12:40:55 - crm - ERROR - [schedule] Employee not found: Анна

--- Получение рабочих часов ---
   Рабочие часы для мастера 'Анна':

--- Добавление выходного дня ---

--- Доступные слоты на сегодня ---
   Доступно слотов для 'Анна': 0

--- Проверка доступности ---
   Доступен ли мастер сегодня в 14:00: ❌ Нет

--- Доступность всех мастеров ---
   Simo: 11 слотов
   Mestan: 11 слотов
   Lyazzat: 11 слотов
   Gulya: 11 слотов
   Jennifer: 11 слотов
   Tursunay: 11 слотов

================================================================================
  ТЕСТ 3: Программа лояльности
================================================================================

--- Получение данных лояльности клиента ---
   Уровень: bronze
   Всего баллов: 100
   Доступно: 100
   Потрачено: 0

--- Начисление баллов ---
2025-11-22 12:40:55 - crm - INFO - [loyalty] Earned 100 points for test_client_123: Тестовая запись на маникюр
Traceback (most recent call last):
  File "/Users/tahir/Desktop/beauty-crm/backend/tests/run_all_tests.py", line 164, in run_all_tests
    result = subprocess.run(
        [sys.executable, os.path.join(os.path.dirname(__file__), "check_bot.py")],
    ...<2 lines>...
        timeout=30
    )
  File "/opt/homebrew/Cellar/python@3.14/3.14.0/Frameworks/Python.framework/Versions/3.14/lib/python3.14/subprocess.py", line 556, in run
    stdout, stderr = process.communicate(input, timeout=timeout)
                     ~~~~~~~~~~~~~~~~~~~^^^^^^^^^^^^^^^^^^^^^^^^
  File "/opt/homebrew/Cellar/python@3.14/3.14.0/Frameworks/Python.framework/Versions/3.14/lib/python3.14/subprocess.py", line 1220, in communicate
    stdout, stderr = self._communicate(input, endtime, timeout)
                     ~~~~~~~~~~~~~~~~~^^^^^^^^^^^^^^^^^^^^^^^^^
  File "/opt/homebrew/Cellar/python@3.14/3.14.0/Frameworks/Python.framework/Versions/3.14/lib/python3.14/subprocess.py", line 2127, in _communicate
    self._check_timeout(endtime, orig_timeout, stdout, stderr)
    ~~~~~~~~~~~~~~~~~~~^^^^^^^^^^^^^^^^^^^^^^^^^^^^^^^^^^^^^^^
  File "/opt/homebrew/Cellar/python@3.14/3.14.0/Frameworks/Python.framework/Versions/3.14/lib/python3.14/subprocess.py", line 1267, in _check_timeout
    raise TimeoutExpired(
    ...<2 lines>...
            stderr=b''.join(stderr_seq) if stderr_seq else None)
subprocess.TimeoutExpired: Command '['/opt/homebrew/opt/python@3.14/bin/python3.14', '/Users/tahir/Desktop/beauty-crm/backend/tests/check_bot.py']' timed out after 30 seconds
   ✅ Начислено 100 баллов
   Новый баланс: 200 баллов

--- Уровни лояльности ---
   BRONZE: от 0 баллов
      - Скидка: 0.0%
      - Множитель: x1.0
   SILVER: от 500 баллов
      - Скидка: 5.0%
      - Множитель: x1.2
   GOLD: от 1500 баллов
      - Скидка: 10.0%
      - Множитель: x1.5
   PLATINUM: от 3000 баллов
      - Скидка: 15.0%
      - Множитель: x2.0

--- Расчет скидки ---
   Цена: 500.0 AED
   Скидка: 0.0% (0.0 AED)
   Итого: 500.0 AED
   Уровень: bronze

--- История транзакций ---
   Всего транзакций: 2
   1. earn: +100 баллов - Тестовая запись на маникюр
   2. earn: +100 баллов - Тестовая запись на маникюр

--- Вычисление баллов за запись ---
   За запись 500 AED: 50 баллов
   За запись 1000 AED: 100 баллов

================================================================================
  ТЕСТ 4: Автозаполнение окон записи
================================================================================

--- Рекомендации клиентов для доступных слотов ---
   Найдено рекомендаций: 6

   Топ-5 рекомендаций:
   1. None (test_scenario_upsell)
      - Мастер: Simo
      - Время: 2025-11-22 12:30
      - Услуга: Pedicure
      - Уверенность: 50%
      - Причина: Последний визит 45 дней назад
   2. None (test_scenario_upsell)
      - Мастер: Mestan
      - Время: 2025-11-22 12:30
      - Услуга: Pedicure
      - Уверенность: 50%
      - Причина: Последний визит 45 дней назад
   3. None (test_scenario_upsell)
      - Мастер: Lyazzat
      - Время: 2025-11-22 12:30
      - Услуга: Pedicure
      - Уверенность: 50%
      - Причина: Последний визит 45 дней назад
   4. None (test_scenario_upsell)
      - Мастер: Gulya
      - Время: 2025-11-22 12:30
      - Услуга: Pedicure
      - Уверенность: 50%
      - Причина: Последний визит 45 дней назад
   5. None (test_scenario_upsell)
      - Мастер: Jennifer
      - Время: 2025-11-22 12:30
      - Услуга: Pedicure
      - Уверенность: 50%
      - Причина: Последний визит 45 дней назад

--- Анализ недогруженных слотов на неделю ---
   Найдено мастеров с доступными слотами: 6

   Simo:
      - Всего свободных слотов: 88
      - Дней с доступностью: 8
      - Пример (2025-11-22): 11 слотов

   Mestan:
      - Всего свободных слотов: 88
      - Дней с доступностью: 8
      - Пример (2025-11-22): 11 слотов

   Lyazzat:
      - Всего свободных слотов: 88
      - Дней с доступностью: 8
      - Пример (2025-11-22): 11 слотов

   Gulya:
      - Всего свободных слотов: 88
      - Дней с доступностью: 8
      - Пример (2025-11-22): 11 слотов

   Jennifer:
      - Всего свободных слотов: 88
      - Дней с доступностью: 8
      - Пример (2025-11-22): 11 слотов

   Tursunay:
      - Всего свободных слотов: 88
      - Дней с доступностью: 8
      - Пример (2025-11-22): 11 слотов

--- Автоматические предложения на сегодня ---
   Предложений на сегодня: 5
   1. None -> Simo в 12:30
      Уверенность: 50%
   2. None -> Mestan в 12:30
      Уверенность: 50%
   3. None -> Lyazzat в 12:30
      Уверенность: 50%
   4. None -> Gulya в 12:30
      Уверенность: 50%
   5. None -> Jennifer в 12:30
      Уверенность: 50%

================================================================================
  ИТОГИ ТЕСТИРОВАНИЯ
================================================================================
  Dashboard с KPI: ✅ УСПЕШНО
  Расписание мастеров: ✅ УСПЕШНО
  Программа лояльности: ✅ УСПЕШНО
  Автозаполнение окон: ✅ УСПЕШНО

  Пройдено: 4/4

  🎉 ВСЕ ТЕСТЫ ПРОЙДЕНЫ УСПЕШНО!
================================================================================


📄 Запуск: tests/check_bot.py
   Проверка настроек и работы AI бота
--------------------------------------------------------------------------------
❌ Ошибка: Command '['/opt/homebrew/opt/python@3.14/bin/python3.14', '/Users/tahir/Desktop/beauty-crm/backend/tests/check_bot.py']' timed out after 30 seconds

📄 Запуск: tests/api/test_reminders_api.py
   Тестирование API напоминаний о записях
--------------------------------------------------------------------------------
======================================================================
🔍 ОПРЕДЕЛЕНИЕ ОКРУЖЕНИЯ
======================================================================
Системная переменная ENVIRONMENT: не установлена
🔍 Hostname: MacBook-Air-Tahir.local
🔍 IP: 127.0.0.1
🔍 Is localhost: True
✅ Автоопределение: LOCALHOST → development
======================================================================
⚠️ Файл .env.local не найден, используем системные переменные
⚠️ Не установлены переменные окружения: PAGE_ACCESS_TOKEN, GEMINI_API_KEY
✅ Config загружен успешно!
   Database: /Users/tahir/Desktop/beauty-crm/backend/salon_bot.db
   ℹ️  Для настроек салона используйте: from database import get_salon_settings

======================================================================
ТЕСТИРОВАНИЕ API НАПОМИНАНИЙ О ЗАПИСЯХ
======================================================================
======================================================================
ПРОВЕРКА ТАБЛИЦЫ booking_reminder_settings
======================================================================

✅ Таблица существует, колонок: 8

📋 Схема таблицы:
  - id (INTEGER)
  - name (TEXT)
  - days_before (INTEGER)
  - hours_before (INTEGER)
  - is_enabled (INTEGER)
  - notification_type (TEXT)
  - created_at (TEXT)
  - updated_at (TEXT)

📊 Записей в таблице: 5

📝 Настройки напоминаний:
   1. За 2 дня до записи             |  2 дн.  0 ч. | email  | ❌ Выключено
   2. За 1 день до записи            |  1 дн.  0 ч. | email  | ❌ Выключено
   3. За 6 часов до записи           |  0 дн.  6 ч. | email  | ❌ Выключено
   4. За 3 часа до записи            |  0 дн.  3 ч. | email  | ❌ Выключено
   5. За 1 час до записи             |  0 дн.  1 ч. | email  | ❌ Выключено

======================================================================
ТЕСТИРОВАНИЕ ФУНКЦИЙ API (прямой вызов)
======================================================================
2025-11-22 12:41:25 - crm - WARNING - [export] ReportLab не установлен. Экспорт в PDF недоступен.

1️⃣ Создание таблицы booking_reminder_settings...
   ✅ Функция создания таблицы выполнена
   ✅ Таблица успешно создана

======================================================================
ТЕСТИРОВАНИЕ HTTP API
======================================================================

1️⃣ GET /api/booking-reminder-settings (требует авторизации)
   Статус: 401
   ✅ Эндпоинт работает (требует авторизации)

======================================================================
ТЕСТИРОВАНИЕ ПЕРЕКЛЮЧЕНИЯ НАПОМИНАНИЙ
======================================================================

📝 Тестируем напоминание: 'За 2 дня до записи' (ID: 1)
   Текущее состояние: Выключено
   ➡️  Переключено на: Включено
   ✅ Состояние успешно обновлено
   ↩️  Возвращено в исходное состояние

======================================================================
ИТОГИ ТЕСТИРОВАНИЯ
======================================================================
✅ PASS - Таблица booking_reminder_settings
✅ PASS - Создание таблицы (API)
✅ PASS - HTTP эндпоинты
✅ PASS - Переключение напоминаний

Пройдено: 4/4


📄 Запуск: tests/api/test_notifications_api.py
   Тестирование API уведомлений
--------------------------------------------------------------------------------
======================================================================
🔍 ОПРЕДЕЛЕНИЕ ОКРУЖЕНИЯ
======================================================================
Системная переменная ENVIRONMENT: не установлена
🔍 Hostname: MacBook-Air-Tahir.local
🔍 IP: 127.0.0.1
🔍 Is localhost: True
✅ Автоопределение: LOCALHOST → development
======================================================================
⚠️ Файл .env.local не найден, используем системные переменные
⚠️ Не установлены переменные окружения: PAGE_ACCESS_TOKEN, GEMINI_API_KEY
✅ Config загружен успешно!
   Database: /Users/tahir/Desktop/beauty-crm/backend/salon_bot.db
   ℹ️  Для настроек салона используйте: from database import get_salon_settings

======================================================================
ТЕСТИРОВАНИЕ API УВЕДОМЛЕНИЙ
======================================================================
======================================================================
ПРОВЕРКА ТАБЛИЦ В БАЗЕ ДАННЫХ
======================================================================

📋 Всего таблиц: 60
  ✓ activity_log: 0 записей
  ✓ available_slots: 0 записей
  ✓ birthday_notifications: 0 записей
  ✓ booking_reminder_settings: 5 записей
  ✓ booking_reminders_sent: 0 записей
  ✓ booking_statuses: 5 записей
  ✓ booking_temp: 0 записей
  ✓ booking_waitlist: 0 записей
  ✓ bookings: 4 записей
  ✓ bot_settings: 1 записей
  ✓ broadcast_history: 0 записей
  ✓ chat_history: 10 записей
  ✓ client_interaction_patterns: 0 записей
  ✓ client_interactions: 0 записей
  ✓ client_interests: 0 записей
  ✓ client_loyalty_points: 1 записей
  ✓ client_notes: 0 записей
  ✓ client_notifications: 0 записей
  ✓ client_preferences: 0 записей
  ✓ client_statuses: 8 записей
  ✓ clients: 9 записей
  ✓ conversation_context: 0 записей
  ✓ conversations: 0 записей
  ✓ custom_roles: 0 записей
  ✓ custom_statuses: 0 записей
  ✓ director_approval_votes: 0 записей
  ✓ director_approvals: 0 записей
  ✓ employee_salary_settings: 0 записей
  ✓ employee_schedule: 42 записей
  ✓ employee_services: 108 записей
  ✓ employee_time_off: 0 записей
  ✓ employee_unavailability: 0 записей
  ✓ employees: 6 записей
  ✓ internal_chat: 0 записей
  ✓ loyalty_levels: 4 записей
  ✓ loyalty_transactions: 2 записей
  ✓ master_schedule: 0 записей
  ✓ master_time_off: 0 записей
  ✓ message_reactions: 0 записей
  ✓ message_templates: 30 записей
  ✓ messenger_messages: 0 записей
  ✓ messenger_settings: 4 записей
  ✓ notification_settings: 0 записей
  ✓ password_reset_tokens: 0 записей
  ✓ positions: 18 записей
  ✓ role_permissions: 80 записей
  ✓ salary_adjustments: 0 записей
  ✓ salary_calculations: 0 записей
  ✓ salon_news: 0 записей
  ✓ salon_settings: 1 записей
  ✓ scheduled_messages: 0 записей
  ✓ service_courses: 3 записей
  ✓ service_positions: 180 записей
  ✓ services: 77 записей
  ✓ sessions: 6 записей
  ✓ special_packages: 0 записей
  ✓ sqlite_sequence: 19 записей
  ✓ user_permissions: 0 записей
  ✓ user_subscriptions: 0 записей
  ✓ users: 7 записей

======================================================================
ПРОВЕРКА ТАБЛИЦЫ notification_settings
======================================================================

✅ Таблица существует, колонок: 7
  - id (INTEGER)
  - user_id (INTEGER)
  - email_notifications (BOOLEAN)
  - sms_notifications (BOOLEAN)
  - booking_notifications (BOOLEAN)
  - birthday_reminders (BOOLEAN)
  - birthday_days_advance (INTEGER)

Записей в таблице: 0

======================================================================
ПРОВЕРКА ТАБЛИЦЫ booking_reminder_settings
======================================================================

✅ Таблица существует, колонок: 8
  - id (INTEGER)
  - name (TEXT)
  - days_before (INTEGER)
  - hours_before (INTEGER)
  - is_enabled (INTEGER)
  - notification_type (TEXT)
  - created_at (TEXT)
  - updated_at (TEXT)

Записей в таблице: 5
  (1, 'За 2 дня до записи', 2, 0, 0, 'email', '2025-11-22 07:21:38', '2025-11-22 07:21:38')
  (2, 'За 1 день до записи', 1, 0, 0, 'email', '2025-11-22 07:21:38', '2025-11-22 07:21:38')
  (3, 'За 6 часов до записи', 0, 6, 0, 'email', '2025-11-22 07:21:38', '2025-11-22 07:21:38')
  (4, 'За 3 часа до записи', 0, 3, 0, 'email', '2025-11-22 07:21:38', '2025-11-22 07:21:38')
  (5, 'За 1 час до записи', 0, 1, 0, 'email', '2025-11-22 07:21:38', '2025-11-22 07:21:38')

======================================================================
ТЕСТИРОВАНИЕ GET /api/notifications/settings
======================================================================
2025-11-22 12:41:26 - crm - WARNING - [export] ReportLab не установлен. Экспорт в PDF недоступен.

🔄 Вызов get_notification_settings_api()...

✅ УСПЕШНО!
Результат: {'emailNotifications': True, 'smsNotifications': False, 'bookingNotifications': True, 'chatNotifications': True, 'dailyReport': True, 'reportTime': '09:00'}

======================================================================
ТЕСТИРОВАНИЕ GET /api/booking-reminder-settings
======================================================================

🔄 Вызов get_booking_reminder_settings()...
✅ Функция импортирована успешно
⚠️  Требуется авторизация для полного теста

======================================================================
ТЕСТИРОВАНИЕ HTTP GET http://localhost:8000/api/notifications/settings
======================================================================

🔄 Отправка HTTP GET запроса...

Статус код: 200
Headers: {'date': 'Sat, 22 Nov 2025 08:41:25 GMT', 'server': 'uvicorn', 'content-length': '145', 'content-type': 'application/json', 'x-content-type-options': 'nosniff', 'x-frame-options': 'DENY', 'x-xss-protection': '1; mode=block'}

✅ УСПЕШНО!
Ответ: {'emailNotifications': True, 'smsNotifications': False, 'bookingNotifications': True, 'chatNotifications': True, 'dailyReport': True, 'reportTime': '09:00'}

======================================================================
ИТОГИ ТЕСТИРОВАНИЯ
======================================================================
✅ PASS - БД таблицы
✅ PASS - Прямой вызов API функции
✅ PASS - Booking reminders эндпоинт
✅ PASS - HTTP запрос

Пройдено: 4/4


📄 Запуск: tests/test_schedule.py
   Тестирование API расписания сотрудников
--------------------------------------------------------------------------------
======================================================================
🔍 ОПРЕДЕЛЕНИЕ ОКРУЖЕНИЯ
======================================================================
Системная переменная ENVIRONMENT: не установлена
🔍 Hostname: MacBook-Air-Tahir.local
🔍 IP: 127.0.0.1
🔍 Is localhost: True
✅ Автоопределение: LOCALHOST → development
======================================================================
⚠️ Файл .env.local не найден, используем системные переменные
⚠️ Не установлены переменные окружения: PAGE_ACCESS_TOKEN, GEMINI_API_KEY
✅ Config загружен успешно!
   Database: /Users/tahir/Desktop/beauty-crm/backend/salon_bot.db
   ℹ️  Для настроек салона используйте: from database import get_salon_settings
2025-11-22 12:41:26 - crm - WARNING - [export] ReportLab не установлен. Экспорт в PDF недоступен.
2025-11-22 12:41:26 - crm - ERROR - [telegram] Telegram bot token not found in .env or database
2025-11-22 12:41:26 - crm - INFO - [startup] ✅ Созданы директории: static/uploads/images, static/uploads/files, static/uploads/voice, logs
2025-11-22 12:41:26 - crm - INFO - [modules] 📦 Загружена конфигурация модулей из /Users/tahir/Desktop/beauty-crm/backend/modules_config.json
2025-11-22 12:41:26 - crm - INFO - [startup] ✅ Модуль 'public' подключен: /public/* endpoints

Running Schedule API Tests...
   Testing GET schedule... 2025-11-22 12:41:26 - crm - INFO - [middleware] 🔥 GET /api/schedule/user/10
2025-11-22 12:41:26 - crm - INFO - [middleware] 📤 GET /api/schedule/user/10 → 200 (0.00s)
PASSED
   Testing PUT schedule... 2025-11-22 12:41:26 - crm - INFO - [middleware] 🔥 PUT /api/schedule/user/10
2025-11-22 12:41:26 - crm - INFO - [middleware] 📤 PUT /api/schedule/user/10 → 200 (0.00s)
2025-11-22 12:41:26 - crm - INFO - [middleware] 🔥 GET /api/schedule/user/10
2025-11-22 12:41:26 - crm - INFO - [middleware] 📤 GET /api/schedule/user/10 → 200 (0.00s)
PASSED
   Testing Time Off CRUD... 2025-11-22 12:41:26 - crm - INFO - [middleware] 🔥 POST /api/schedule/user/10/time-off
2025-11-22 12:41:26 - crm - INFO - [middleware] 📤 POST /api/schedule/user/10/time-off → 200 (0.00s)
2025-11-22 12:41:26 - crm - INFO - [middleware] 🔥 GET /api/schedule/user/10/time-off
2025-11-22 12:41:26 - crm - INFO - [middleware] 📤 GET /api/schedule/user/10/time-off → 200 (0.00s)
2025-11-22 12:41:26 - crm - INFO - [middleware] 🔥 DELETE /api/schedule/time-off/3
2025-11-22 12:41:26 - crm - INFO - [middleware] 📤 DELETE /api/schedule/time-off/3 → 200 (0.00s)
2025-11-22 12:41:26 - crm - INFO - [middleware] 🔥 GET /api/schedule/user/10/time-off
2025-11-22 12:41:26 - crm - INFO - [middleware] 📤 GET /api/schedule/user/10/time-off → 200 (0.00s)
PASSED

✅ All schedule tests passed!

