
================================================================================
  ТЕСТИРОВАНИЕ CRM СИСТЕМЫ
================================================================================
Дата: 2025-11-28 13:18:48
Python: 3.14.0 (main, Oct  7 2025, 09:34:52) [Clang 17.0.0 (clang-1700.3.19.1)]

--------------------------------------------------------------------------------
  ТЕСТ 1: Проверка базы данных
--------------------------------------------------------------------------------
======================================================================
🔍 ОПРЕДЕЛЕНИЕ ОКРУЖЕНИЯ
======================================================================
Системная переменная ENVIRONMENT: не установлена
🔍 Hostname: MacBook-Air-Tahir.local
🔍 IP: 127.0.0.1
🔍 Is localhost: True
✅ Автоопределение: LOCALHOST → development
======================================================================
✅ Загружен: .env.local
✅ Config загружен успешно!
   Database: /Users/tahir/Desktop/beauty-crm/backend/salon_bot.db
   ℹ️  Для настроек салона используйте: from database import get_salon_settings
   ✅ База данных найдена: /Users/tahir/Desktop/beauty-crm/backend/salon_bot.db

   Всего таблиц в БД: 32
   Проверка обязательных таблиц:
   ✅ clients
   ✅ bookings
   ✅ users
   ✅ positions
   ✅ services
   ✅ conversations
   ✅ user_schedule
   ✅ user_time_off
   ✅ loyalty_levels
   ✅ client_loyalty_points

   ✅ Все обязательные таблицы присутствуют

--------------------------------------------------------------------------------
  ТЕСТ 2: Новые функции CRM
--------------------------------------------------------------------------------

   [2.1] Dashboard с KPI...
   ✅ Dashboard работает
       - Доход: 0 AED
       - Записи: 0

   [2.2] Расписание мастеров...
2025-11-28 13:18:48 - crm - INFO - [schedule] Working hours set for Тест Мастер on day 0: 09:00-18:00
Traceback (most recent call last):
  File "/Users/tahir/Desktop/beauty-crm/backend/tests/test_all.py", line 262, in test_smart_assistant
    assistant = SmartAssistant(client_id=test_client)
  File "/Users/tahir/Desktop/beauty-crm/backend/services/smart_assistant.py", line 19, in __init__
    self.preferences = self._load_preferences()
                       ~~~~~~~~~~~~~~~~~~~~~~^^
  File "/Users/tahir/Desktop/beauty-crm/backend/services/smart_assistant.py", line 27, in _load_preferences
    c.execute("""
    ~~~~~~~~~^^^^
        SELECT preferred_master, preferred_service, preferred_day_of_week,
        ^^^^^^^^^^^^^^^^^^^^^^^^^^^^^^^^^^^^^^^^^^^^^^^^^^^^^^^^^^^^^^^^^^
    ...<3 lines>...
        WHERE client_id = ?
        ^^^^^^^^^^^^^^^^^^^
    """, (self.client_id,))
    ^^^^^^^^^^^^^^^^^^^^^^^
sqlite3.OperationalError: no such column: allergies
   ✅ Расписание работает

   [2.3] Программа лояльности...
   ❌ Недостаточно уровней лояльности: 0

   [2.4] Автозаполнение окон...
   ✅ Автозаполнение работает

   Результаты: 3/4 успешно

--------------------------------------------------------------------------------
  ТЕСТ 3: SmartAssistant (AI)
--------------------------------------------------------------------------------
   ❌ ОШИБКА: no such column: allergies

   🧹 Очистка тестовых данных...
   ✅ Тестовые данные удалены (клиент: test_user_123)

--------------------------------------------------------------------------------
  ТЕСТ 4: Проверка API модулей
--------------------------------------------------------------------------------
2025-11-28 13:18:48 - crm - WARNING - [export] ReportLab не установлен. Экспорт в PDF недоступен.
   ✅ Dashboard API
   ✅ Schedule API
   ✅ Loyalty API
   ✅ AutoBooking API
   ✅ Bookings API
   ✅ Clients API

   Результаты: 6/6 модулей загружены

================================================================================
  ИТОГИ ТЕСТИРОВАНИЯ
================================================================================
  1. База данных: ✅ ПРОЙДЕН
  2. Новые функции: ❌ ПРОВАЛЕН
  3. SmartAssistant: ❌ ПРОВАЛЕН
  4. API модули: ✅ ПРОЙДЕН

  Всего тестов: 4
  Пройдено: 2
  Провалено: 2

  ⚠️  Некоторые тесты провалены
  ℹ️  Проверьте логи выше для деталей
================================================================================

